
.Version 8.10.3 of ABINIT 
.(MPI version, prepared for a x86_64_linux_gnu5.4 computer) 

.Copyright (C) 1998-2018 ABINIT group . 
 ABINIT comes with ABSOLUTELY NO WARRANTY.
 It is free software, and you are welcome to redistribute it
 under certain conditions (GNU General Public License,
 see ~abinit/COPYING or http://www.gnu.org/copyleft/gpl.txt).

 ABINIT is a project of the Universite Catholique de Louvain,
 Corning Inc. and other collaborators, see ~abinit/doc/developers/contributors.txt .
 Please read https://docs.abinit.org/theory/acknowledgments for suggested
 acknowledgments of the ABINIT effort.
 For more information, see https://www.abinit.org .

.Starting date : Wed 30 Oct 2019.
- ( at 14h29 )
  
- input  file    -> trf2_2.in
- output file    -> trf2_2.out
- root for input  files -> trf2_2i
- root for output files -> trf2_2o


 Symmetries : space group F-4 3 m (#216); Bravais cF (face-center cubic)
================================================================================
 Values of the parameters that define the memory need of the present run
     intxc =       0    ionmov =       0      iscf =       7    lmnmax =       3
     lnmax =       3     mgfft =      12  mpssoang =       3    mqgrid =    3001
     natom =       2  nloc_mem =       1    nspden =       1   nspinor =       1
    nsppol =       1      nsym =      24    n1xccc =    2501    ntypat =       2
    occopt =       1   xclevel =       1
-    mband =           4        mffmem =           1         mkmem =           8
       mpw =          76          nfft =        1728          nkpt =           8
================================================================================
P This job should need less than                       1.437 Mbytes of memory.
  Rough estimation (10% accuracy) of disk space for files :
_ WF disk file :      0.039 Mbytes ; DEN or POT disk file :      0.015 Mbytes.
================================================================================

--------------------------------------------------------------------------------
------------- Echo of variables that govern the present computation ------------
--------------------------------------------------------------------------------
-
- outvars: echo of selected default values                                      
-   iomode0 =  0 , fftalg0 =312 , wfoptalg0 =  0
-
- outvars: echo of global parameters not present in the input file              
-  max_nthreads =    1
-
 -outvars: echo values of preprocessed input variables --------
            acell      1.0610000000E+01  1.0610000000E+01  1.0610000000E+01 Bohr
              amu      2.69815390E+01  7.49215900E+01
           diemac      9.00000000E+00
             ecut      3.00000000E+00 Hartree
-          fftalg         312
           istwfk        2    0    3    0    0    0    7    0
              kpt      0.00000000E+00  0.00000000E+00  0.00000000E+00
                       2.50000000E-01  0.00000000E+00  0.00000000E+00
                       5.00000000E-01  0.00000000E+00  0.00000000E+00
                       2.50000000E-01  2.50000000E-01  0.00000000E+00
                       5.00000000E-01  2.50000000E-01  0.00000000E+00
                      -2.50000000E-01  2.50000000E-01  0.00000000E+00
                       5.00000000E-01  5.00000000E-01  0.00000000E+00
                      -2.50000000E-01  5.00000000E-01  2.50000000E-01
         kptrlatt        4    0    0      0    4    0      0    0    4
          kptrlen      3.00096118E+01
P           mkmem           8
            natom           2
            nband           4
            ngfft          12      12      12
             nkpt           8
            nline           0
            nstep           0
             nsym          24
           ntypat           2
              occ      2.000000  2.000000  2.000000  2.000000
           prtvol          -1
            rprim      0.0000000000E+00  5.0000000000E-01  5.0000000000E-01
                       5.0000000000E-01  0.0000000000E+00  5.0000000000E-01
                       5.0000000000E-01  5.0000000000E-01  0.0000000000E+00
          spgroup         216
           symrel      1  0  0   0  1  0   0  0  1       0 -1  1   0 -1  0   1 -1  0
                      -1  0  0  -1  0  1  -1  1  0       0  1 -1   1  0 -1   0  0 -1
                      -1  0  0  -1  1  0  -1  0  1       0 -1  1   1 -1  0   0 -1  0
                       1  0  0   0  0  1   0  1  0       0  1 -1   0  0 -1   1  0 -1
                      -1  0  1  -1  1  0  -1  0  0       0 -1  0   1 -1  0   0 -1  1
                       1  0 -1   0  0 -1   0  1 -1       0  1  0   0  0  1   1  0  0
                       1  0 -1   0  1 -1   0  0 -1       0 -1  0   0 -1  1   1 -1  0
                      -1  0  1  -1  0  0  -1  1  0       0  1  0   1  0  0   0  0  1
                       0  0 -1   0  1 -1   1  0 -1       1 -1  0   0 -1  1   0 -1  0
                       0  0  1   1  0  0   0  1  0      -1  1  0  -1  0  0  -1  0  1
                       0  0  1   0  1  0   1  0  0       1 -1  0   0 -1  0   0 -1  1
                       0  0 -1   1  0 -1   0  1 -1      -1  1  0  -1  0  1  -1  0  0
           tolvrs      1.00000000E-18
            typat      1  2
              wtk        0.01563    0.12500    0.06250    0.09375    0.37500    0.18750
                         0.04688    0.09375
           xangst      0.0000000000E+00  0.0000000000E+00  0.0000000000E+00
                       1.4036425458E+00  1.4036425458E+00  1.4036425458E+00
            xcart      0.0000000000E+00  0.0000000000E+00  0.0000000000E+00
                       2.6525000000E+00  2.6525000000E+00  2.6525000000E+00
             xred      0.0000000000E+00  0.0000000000E+00  0.0000000000E+00
                       2.5000000000E-01  2.5000000000E-01  2.5000000000E-01
            znucl       13.00000   33.00000

================================================================================

 chkinp: Checking input parameters for consistency.

 abinit : before driver, prtvol=-1, debugging mode => will skip driver

== END DATASET(S) ==============================================================
================================================================================

 abinit : before driver, prtvol=-1, debugging mode => will skip outvars


- Timing analysis has been suppressed with timopt=0



 abinit : before driver, prtvol=-1, debugging mode => will skip acknowledgments
-
- Proc.   0 individual time (sec): cpu=          0.0  wall=          0.1

================================================================================

 Calculation completed.
.Delivered   2 WARNINGs and   2 COMMENTs to log file.
+Overall time at end (sec) : cpu=          0.0  wall=          0.1
