
.Version 8.11.12 of MULTIBINIT 
.(MPI version, prepared for a x86_64_linux_gnu5.4 computer) 

.Copyright (C) 1998-2019 ABINIT group . 
 MULTIBINIT comes with ABSOLUTELY NO WARRANTY.
 It is free software, and you are welcome to redistribute it
 under certain conditions (GNU General Public License,
 see ~abinit/COPYING or http://www.gnu.org/copyleft/gpl.txt).

 ABINIT is a project of the Universite Catholique de Louvain,
 Corning Inc. and other collaborators, see ~abinit/doc/developers/contributors.txt .
 Please read https://docs.abinit.org/theory/acknowledgments for suggested
 acknowledgments of the ABINIT effort.
 For more information, see https://www.abinit.org .

.Starting date : Mon 25 Nov 2019.
- ( at 17h11 )
  
-  nproc =    1

================================================================================

 Read the information in the reference structure in 
-tmulti5_1.xml
 to initialize the multibinit input

================================================================================

 -outvars_multibinit: echo values of input variables ----------------------

 Flags : 
     ifcflag         1
     strcpli        -1
 Spin Dynamics :
   spin_calc_correlation_obs           0
        spin_calc_thermo_obs           1
          spin_calc_traj_obs           0
               spin_dynamics           1
            spin_temperature      600.00000
                spin_damping       -1.00000
              spin_ntime_pre     10000
                  spin_ntime     20000
                       ncell        16        16        16
                     spin_dt    1.00000E-16  second
              spin_mag_field
                                0.00000E+00 0.00000E+00 0.00000E+00   Tesla
                spin_sia_add           0
              spin_sia_k1amp    0.00000E+00
              spin_sia_k1dir    0.00000E+00    0.00000E+00    1.00000E+00
                 spin_qpoint
                             0.00000E+00 0.00000E+00 0.00000E+00
             spin_init_state           2
        spin_var_temperature           0
      spin_temperature_start        0.00000
        spin_temperature_end        0.00000
      spin_temperature_nstep                1
             spin_write_traj           0
 Miscellaneous information :
         asr         2
 Interatomic Force Constants Inputs :
      dipdip         1
dipdip_range        16        16        16
      ifcana         0
      ifcout   2000000
      natifc         1
       atifc         1
 Description of grid 1 :
        brav         1
       ngqpt         1         1         1
      nqshft         1
      q1shft
                     0.00000000E+00  0.00000000E+00  0.00000000E+00
 First list of wavevector (reduced coord.) :
       nph1l         1
       qph1l
                     0.00000000E+00  0.00000000E+00  0.00000000E+00    0.000E+00

================================================================================


================================================================================

reading spin terms.
================================================================================
 Spin dynamic steps:
================================================================================
    Iteration          time(s)         Avg_Mst/Ms      ETOT(Ha/uc)
--------------------------------------------------------------------------------
Thermalization run:
-           100      9.90000E-15      6.52530E-01     -2.13916E-03
-           200      1.99000E-14      5.58122E-01     -1.82158E-03
-           300      2.99000E-14      5.28037E-01     -1.78953E-03
-           400      3.99000E-14      5.16548E-01     -1.80127E-03
-           500      4.99000E-14      4.85480E-01     -1.70535E-03
-           600      5.99000E-14      4.82619E-01     -1.73033E-03
-           700      6.99000E-14      4.69112E-01     -1.73637E-03
-           800      7.99000E-14      4.68077E-01     -1.70376E-03
-           900      8.99000E-14      4.71886E-01     -1.70166E-03
-          1000      9.99000E-14      4.74800E-01     -1.67807E-03
-          1100      1.09900E-13      4.73163E-01     -1.69567E-03
-          1200      1.19900E-13      4.49703E-01     -1.70770E-03
-          1300      1.29900E-13      4.42484E-01     -1.67931E-03
-          1400      1.39900E-13      4.49495E-01     -1.65141E-03
-          1500      1.49900E-13      4.66575E-01     -1.73908E-03
-          1600      1.59900E-13      4.62224E-01     -1.67191E-03
-          1700      1.69900E-13      4.69688E-01     -1.71223E-03
-          1800      1.79900E-13      4.43731E-01     -1.65660E-03
-          1900      1.89900E-13      4.29992E-01     -1.66040E-03
-          2000      1.99900E-13      4.18716E-01     -1.65026E-03
-          2100      2.09900E-13      4.12986E-01     -1.64216E-03
-          2200      2.19900E-13      4.20927E-01     -1.64411E-03
-          2300      2.29900E-13      4.04244E-01     -1.68011E-03
-          2400      2.39900E-13      4.06974E-01     -1.66447E-03
-          2500      2.49900E-13      4.06228E-01     -1.62766E-03
-          2600      2.59900E-13      4.03363E-01     -1.63282E-03
-          2700      2.69900E-13      3.85665E-01     -1.62242E-03
-          2800      2.79900E-13      3.91556E-01     -1.63512E-03
-          2900      2.89900E-13      3.91555E-01     -1.65258E-03
-          3000      2.99900E-13      3.92046E-01     -1.60821E-03
-          3100      3.09900E-13      4.03229E-01     -1.60341E-03
-          3200      3.19900E-13      4.12073E-01     -1.64209E-03
-          3300      3.29900E-13      4.21036E-01     -1.68707E-03
-          3400      3.39900E-13      4.09210E-01     -1.68371E-03
-          3500      3.49900E-13      3.97734E-01     -1.66482E-03
-          3600      3.59900E-13      3.79294E-01     -1.67413E-03
-          3700      3.69900E-13      3.79857E-01     -1.66315E-03
-          3800      3.79900E-13      3.80230E-01     -1.66068E-03
-          3900      3.89900E-13      3.93930E-01     -1.59451E-03
-          4000      3.99900E-13      4.14171E-01     -1.70102E-03
-          4100      4.09900E-13      4.06428E-01     -1.62001E-03
-          4200      4.19900E-13      4.21121E-01     -1.65830E-03
-          4300      4.29900E-13      4.08907E-01     -1.61005E-03
-          4400      4.39900E-13      4.26037E-01     -1.68836E-03
-          4500      4.49900E-13      4.06008E-01     -1.69154E-03
-          4600      4.59900E-13      3.83093E-01     -1.58468E-03
-          4700      4.69900E-13      3.89969E-01     -1.58882E-03
-          4800      4.79900E-13      4.18777E-01     -1.64597E-03
-          4900      4.89900E-13      4.06415E-01     -1.63612E-03
-          5000      4.99900E-13      4.24948E-01     -1.65758E-03
-          5100      5.09900E-13      4.34323E-01     -1.66653E-03
-          5200      5.19900E-13      4.39488E-01     -1.74289E-03
-          5300      5.29900E-13      4.21749E-01     -1.65792E-03
-          5400      5.39900E-13      4.13879E-01     -1.63693E-03
-          5500      5.49900E-13      4.23085E-01     -1.63333E-03
-          5600      5.59900E-13      4.08759E-01     -1.62961E-03
-          5700      5.69900E-13      4.13586E-01     -1.66867E-03
-          5800      5.79900E-13      4.03596E-01     -1.63376E-03
-          5900      5.89900E-13      4.13476E-01     -1.69556E-03
-          6000      5.99900E-13      4.11446E-01     -1.67988E-03
-          6100      6.09900E-13      4.20260E-01     -1.70830E-03
-          6200      6.19900E-13      4.17428E-01     -1.69435E-03
-          6300      6.29900E-13      4.14594E-01     -1.65160E-03
-          6400      6.39900E-13      4.23591E-01     -1.69993E-03
-          6500      6.49900E-13      4.04327E-01     -1.64240E-03
-          6600      6.59900E-13      3.95503E-01     -1.61366E-03
-          6700      6.69900E-13      3.83526E-01     -1.60755E-03
-          6800      6.79900E-13      3.97115E-01     -1.60031E-03
-          6900      6.89900E-13      4.01358E-01     -1.60543E-03
-          7000      6.99900E-13      3.95258E-01     -1.62752E-03
-          7100      7.09900E-13      4.18551E-01     -1.73232E-03
-          7200      7.19900E-13      4.16663E-01     -1.64364E-03
-          7300      7.29900E-13      3.91988E-01     -1.60389E-03
-          7400      7.39900E-13      3.97985E-01     -1.59714E-03
-          7500      7.49900E-13      3.88359E-01     -1.64408E-03
-          7600      7.59900E-13      3.89585E-01     -1.63015E-03
-          7700      7.69900E-13      3.83440E-01     -1.61797E-03
-          7800      7.79900E-13      3.78502E-01     -1.58884E-03
-          7900      7.89900E-13      3.78195E-01     -1.58251E-03
-          8000      7.99900E-13      3.78581E-01     -1.59549E-03
-          8100      8.09900E-13      3.81775E-01     -1.60819E-03
-          8200      8.19900E-13      3.67071E-01     -1.60742E-03
-          8300      8.29900E-13      3.73750E-01     -1.63407E-03
-          8400      8.39900E-13      3.75633E-01     -1.67064E-03
-          8500      8.49900E-13      3.82602E-01     -1.64314E-03
-          8600      8.59900E-13      4.11632E-01     -1.68672E-03
-          8700      8.69900E-13      4.26115E-01     -1.67418E-03
-          8800      8.79900E-13      4.37003E-01     -1.66743E-03
-          8900      8.89900E-13      4.46383E-01     -1.73422E-03
-          9000      8.99900E-13      4.65992E-01     -1.77370E-03
-          9100      9.09900E-13      4.49642E-01     -1.66879E-03
-          9200      9.19900E-13      4.51198E-01     -1.71987E-03
-          9300      9.29900E-13      4.71485E-01     -1.74957E-03
-          9400      9.39900E-13      4.63301E-01     -1.71626E-03
-          9500      9.49900E-13      4.36045E-01     -1.70770E-03
-          9600      9.59900E-13      4.77996E-01     -1.73845E-03
-          9700      9.69900E-13      4.80265E-01     -1.73854E-03
-          9800      9.79900E-13      4.63475E-01     -1.70073E-03
-          9900      9.89900E-13      4.46095E-01     -1.69188E-03
-         10000      9.99900E-13      4.46685E-01     -1.72475E-03
Measurement run:
-           100      9.90000E-15      4.45356E-01     -1.70973E-03
-           200      1.99000E-14      4.23270E-01     -1.68122E-03
-           300      2.99000E-14      4.07006E-01     -1.61948E-03
-           400      3.99000E-14      4.07140E-01     -1.65998E-03
-           500      4.99000E-14      4.06640E-01     -1.64919E-03
-           600      5.99000E-14      4.14103E-01     -1.67888E-03
-           700      6.99000E-14      4.08912E-01     -1.60668E-03
-           800      7.99000E-14      4.16815E-01     -1.65593E-03
-           900      8.99000E-14      3.86804E-01     -1.55285E-03
-          1000      9.99000E-14      3.88886E-01     -1.56831E-03
-          1100      1.09900E-13      3.93476E-01     -1.57733E-03
-          1200      1.19900E-13      3.88882E-01     -1.56581E-03
-          1300      1.29900E-13      4.11211E-01     -1.67147E-03
-          1400      1.39900E-13      4.17030E-01     -1.66404E-03
-          1500      1.49900E-13      4.07202E-01     -1.62892E-03
-          1600      1.59900E-13      3.96445E-01     -1.57973E-03
-          1700      1.69900E-13      4.04836E-01     -1.57460E-03
-          1800      1.79900E-13      4.10298E-01     -1.57246E-03
-          1900      1.89900E-13      4.04110E-01     -1.57317E-03
-          2000      1.99900E-13      4.00214E-01     -1.60394E-03
-          2100      2.09900E-13      4.24436E-01     -1.61890E-03
-          2200      2.19900E-13      4.21760E-01     -1.60584E-03
-          2300      2.29900E-13      4.24615E-01     -1.63026E-03
-          2400      2.39900E-13      4.24317E-01     -1.58366E-03
-          2500      2.49900E-13      4.11884E-01     -1.63398E-03
-          2600      2.59900E-13      4.30323E-01     -1.65626E-03
-          2700      2.69900E-13      4.37476E-01     -1.68115E-03
-          2800      2.79900E-13      4.29044E-01     -1.65487E-03
-          2900      2.89900E-13      4.27799E-01     -1.65497E-03
-          3000      2.99900E-13      4.31660E-01     -1.63609E-03
-          3100      3.09900E-13      4.38034E-01     -1.64226E-03
-          3200      3.19900E-13      4.40569E-01     -1.71068E-03
-          3300      3.29900E-13      4.39468E-01     -1.69487E-03
-          3400      3.39900E-13      4.19479E-01     -1.62831E-03
-          3500      3.49900E-13      4.20131E-01     -1.66823E-03
-          3600      3.59900E-13      4.11273E-01     -1.65747E-03
-          3700      3.69900E-13      4.10412E-01     -1.63379E-03
-          3800      3.79900E-13      3.95003E-01     -1.63658E-03
-          3900      3.89900E-13      4.05074E-01     -1.66320E-03
-          4000      3.99900E-13      4.15114E-01     -1.69419E-03
-          4100      4.09900E-13      4.24623E-01     -1.73943E-03
-          4200      4.19900E-13      4.19176E-01     -1.67890E-03
-          4300      4.29900E-13      4.23596E-01     -1.67957E-03
-          4400      4.39900E-13      4.16380E-01     -1.61082E-03
-          4500      4.49900E-13      4.34529E-01     -1.66697E-03
-          4600      4.59900E-13      4.33574E-01     -1.63831E-03
-          4700      4.69900E-13      4.44992E-01     -1.71256E-03
-          4800      4.79900E-13      4.18728E-01     -1.62315E-03
-          4900      4.89900E-13      4.19531E-01     -1.67027E-03
-          5000      4.99900E-13      4.07616E-01     -1.63596E-03
-          5100      5.09900E-13      4.11566E-01     -1.65814E-03
-          5200      5.19900E-13      4.15475E-01     -1.59142E-03
-          5300      5.29900E-13      4.17316E-01     -1.61309E-03
-          5400      5.39900E-13      4.25537E-01     -1.68377E-03
-          5500      5.49900E-13      4.31775E-01     -1.67999E-03
-          5600      5.59900E-13      4.25642E-01     -1.66817E-03
-          5700      5.69900E-13      4.33352E-01     -1.68576E-03
-          5800      5.79900E-13      4.43926E-01     -1.69735E-03
-          5900      5.89900E-13      4.32662E-01     -1.71532E-03
-          6000      5.99900E-13      4.22446E-01     -1.68922E-03
-          6100      6.09900E-13      4.18232E-01     -1.69722E-03
-          6200      6.19900E-13      4.21317E-01     -1.68982E-03
-          6300      6.29900E-13      4.13812E-01     -1.64814E-03
-          6400      6.39900E-13      4.31775E-01     -1.64118E-03
-          6500      6.49900E-13      4.45298E-01     -1.71372E-03
-          6600      6.59900E-13      4.36168E-01     -1.70390E-03
-          6700      6.69900E-13      4.36176E-01     -1.70221E-03
-          6800      6.79900E-13      4.42170E-01     -1.70116E-03
-          6900      6.89900E-13      4.55187E-01     -1.71907E-03
-          7000      6.99900E-13      4.30269E-01     -1.66298E-03
-          7100      7.09900E-13      4.21180E-01     -1.68120E-03
-          7200      7.19900E-13      4.25743E-01     -1.68322E-03
-          7300      7.29900E-13      4.38963E-01     -1.70228E-03
-          7400      7.39900E-13      4.05031E-01     -1.63247E-03
-          7500      7.49900E-13      4.02714E-01     -1.61508E-03
-          7600      7.59900E-13      4.13190E-01     -1.66240E-03
-          7700      7.69900E-13      4.03429E-01     -1.67065E-03
-          7800      7.79900E-13      3.91902E-01     -1.62184E-03
-          7900      7.89900E-13      3.98451E-01     -1.64208E-03
-          8000      7.99900E-13      3.83887E-01     -1.58823E-03
-          8100      8.09900E-13      3.72265E-01     -1.54729E-03
-          8200      8.19900E-13      3.81749E-01     -1.59293E-03
-          8300      8.29900E-13      4.03073E-01     -1.61462E-03
-          8400      8.39900E-13      4.12954E-01     -1.60215E-03
-          8500      8.49900E-13      4.03812E-01     -1.63499E-03
-          8600      8.59900E-13      3.98541E-01     -1.55849E-03
-          8700      8.69900E-13      4.05474E-01     -1.63174E-03
-          8800      8.79900E-13      4.07568E-01     -1.66472E-03
-          8900      8.89900E-13      3.86198E-01     -1.62946E-03
-          9000      8.99900E-13      3.89393E-01     -1.61514E-03
-          9100      9.09900E-13      3.82176E-01     -1.60594E-03
-          9200      9.19900E-13      3.78378E-01     -1.56612E-03
-          9300      9.29900E-13      3.70922E-01     -1.58331E-03
-          9400      9.39900E-13      3.76676E-01     -1.64008E-03
-          9500      9.49900E-13      3.69439E-01     -1.53546E-03
-          9600      9.59900E-13      3.78293E-01     -1.59626E-03
-          9700      9.69900E-13      3.79058E-01     -1.56742E-03
-          9800      9.79900E-13      3.37934E-01     -1.51284E-03
-          9900      9.89900E-13      3.32043E-01     -1.51956E-03
-         10000      9.99900E-13      3.61725E-01     -1.57070E-03
-         10100      1.00990E-12      3.70181E-01     -1.60856E-03
-         10200      1.01990E-12      3.58587E-01     -1.56839E-03
-         10300      1.02990E-12      3.49793E-01     -1.54854E-03
-         10400      1.03990E-12      3.63517E-01     -1.52461E-03
-         10500      1.04990E-12      3.67902E-01     -1.53253E-03
-         10600      1.05990E-12      3.82753E-01     -1.65830E-03
-         10700      1.06990E-12      3.73110E-01     -1.59517E-03
-         10800      1.07990E-12      3.64119E-01     -1.57253E-03
-         10900      1.08990E-12      3.78997E-01     -1.60137E-03
-         11000      1.09990E-12      3.68523E-01     -1.54951E-03
-         11100      1.10990E-12      3.50871E-01     -1.57483E-03
-         11200      1.11990E-12      3.59735E-01     -1.53123E-03
-         11300      1.12990E-12      3.70405E-01     -1.57804E-03
-         11400      1.13990E-12      3.67237E-01     -1.59770E-03
-         11500      1.14990E-12      3.64697E-01     -1.58093E-03
-         11600      1.15990E-12      3.83263E-01     -1.63522E-03
-         11700      1.16990E-12      3.88006E-01     -1.61512E-03
-         11800      1.17990E-12      3.87996E-01     -1.60296E-03
-         11900      1.18990E-12      3.84649E-01     -1.62030E-03
-         12000      1.19990E-12      4.04218E-01     -1.64231E-03
-         12100      1.20990E-12      4.18181E-01     -1.68443E-03
-         12200      1.21990E-12      4.24746E-01     -1.62569E-03
-         12300      1.22990E-12      4.25945E-01     -1.65847E-03
-         12400      1.23990E-12      4.11411E-01     -1.62734E-03
-         12500      1.24990E-12      3.95418E-01     -1.58800E-03
-         12600      1.25990E-12      3.75555E-01     -1.59463E-03
-         12700      1.26990E-12      3.84824E-01     -1.63948E-03
-         12800      1.27990E-12      4.06287E-01     -1.65063E-03
-         12900      1.28990E-12      4.05668E-01     -1.68581E-03
-         13000      1.29990E-12      4.03318E-01     -1.64250E-03
-         13100      1.30990E-12      4.09940E-01     -1.68177E-03
-         13200      1.31990E-12      4.07440E-01     -1.68812E-03
-         13300      1.32990E-12      4.10156E-01     -1.69711E-03
-         13400      1.33990E-12      4.01340E-01     -1.65333E-03
-         13500      1.34990E-12      4.25921E-01     -1.69608E-03
-         13600      1.35990E-12      4.27120E-01     -1.63656E-03
-         13700      1.36990E-12      4.23652E-01     -1.64719E-03
-         13800      1.37990E-12      4.23830E-01     -1.63932E-03
-         13900      1.38990E-12      4.21350E-01     -1.61217E-03
-         14000      1.39990E-12      4.06271E-01     -1.55981E-03
-         14100      1.40990E-12      4.09472E-01     -1.64335E-03
-         14200      1.41990E-12      3.94147E-01     -1.58564E-03
-         14300      1.42990E-12      3.72883E-01     -1.53936E-03
-         14400      1.43990E-12      3.99448E-01     -1.61479E-03
-         14500      1.44990E-12      4.11700E-01     -1.64561E-03
-         14600      1.45990E-12      4.21296E-01     -1.66461E-03
-         14700      1.46990E-12      3.98631E-01     -1.57345E-03
-         14800      1.47990E-12      4.15266E-01     -1.65472E-03
-         14900      1.48990E-12      4.13492E-01     -1.64259E-03
-         15000      1.49990E-12      4.25909E-01     -1.63865E-03
-         15100      1.50990E-12      4.18592E-01     -1.64109E-03
-         15200      1.51990E-12      4.24242E-01     -1.68013E-03
-         15300      1.52990E-12      4.20917E-01     -1.65790E-03
-         15400      1.53990E-12      4.08515E-01     -1.62086E-03
-         15500      1.54990E-12      4.17308E-01     -1.58662E-03
-         15600      1.55990E-12      4.30102E-01     -1.64889E-03
-         15700      1.56990E-12      4.29088E-01     -1.62058E-03
-         15800      1.57990E-12      4.36557E-01     -1.68910E-03
-         15900      1.58990E-12      4.10174E-01     -1.65587E-03
-         16000      1.59990E-12      4.15161E-01     -1.65900E-03
-         16100      1.60990E-12      3.78208E-01     -1.57223E-03
-         16200      1.61990E-12      3.79793E-01     -1.61260E-03
-         16300      1.62990E-12      3.80670E-01     -1.60273E-03
-         16400      1.63990E-12      3.93080E-01     -1.63953E-03
-         16500      1.64990E-12      3.96673E-01     -1.63092E-03
-         16600      1.65990E-12      3.97493E-01     -1.66035E-03
-         16700      1.66990E-12      4.04650E-01     -1.66636E-03
-         16800      1.67990E-12      4.33600E-01     -1.67940E-03
-         16900      1.68990E-12      4.16549E-01     -1.64808E-03
-         17000      1.69990E-12      4.28267E-01     -1.64924E-03
-         17100      1.70990E-12      4.10798E-01     -1.62990E-03
-         17200      1.71990E-12      4.08236E-01     -1.67591E-03
-         17300      1.72990E-12      3.90637E-01     -1.62319E-03
-         17400      1.73990E-12      4.11342E-01     -1.64113E-03
-         17500      1.74990E-12      4.06557E-01     -1.65789E-03
-         17600      1.75990E-12      4.06300E-01     -1.66854E-03
-         17700      1.76990E-12      3.90991E-01     -1.65711E-03
-         17800      1.77990E-12      3.90176E-01     -1.62313E-03
-         17900      1.78990E-12      3.84499E-01     -1.60010E-03
-         18000      1.79990E-12      3.68347E-01     -1.56084E-03
-         18100      1.80990E-12      3.88794E-01     -1.63731E-03
-         18200      1.81990E-12      3.96107E-01     -1.64017E-03
-         18300      1.82990E-12      3.93149E-01     -1.67151E-03
-         18400      1.83990E-12      3.79333E-01     -1.62374E-03
-         18500      1.84990E-12      3.83557E-01     -1.63818E-03
-         18600      1.85990E-12      3.95736E-01     -1.64340E-03
-         18700      1.86990E-12      4.26192E-01     -1.72361E-03
-         18800      1.87990E-12      4.01629E-01     -1.60815E-03
-         18900      1.88990E-12      4.07034E-01     -1.61477E-03
-         19000      1.89990E-12      4.17553E-01     -1.65733E-03
-         19100      1.90990E-12      4.28275E-01     -1.69995E-03
-         19200      1.91990E-12      4.21260E-01     -1.66694E-03
-         19300      1.92990E-12      4.29221E-01     -1.67438E-03
-         19400      1.93990E-12      4.23613E-01     -1.69372E-03
-         19500      1.94990E-12      4.16551E-01     -1.64189E-03
-         19600      1.95990E-12      4.23278E-01     -1.63200E-03
-         19700      1.96990E-12      4.01130E-01     -1.58895E-03
-         19800      1.97990E-12      4.02589E-01     -1.61235E-03
-         19900      1.98990E-12      3.99590E-01     -1.60256E-03
-         20000      1.99990E-12      4.03385E-01     -1.63781E-03
--------------------------------------------------------------------------------
  Summary of spin dynamics:
    At the end of the run, the average spin at each sublattice is
      Sublattice       <M_i>(x)  <M_i>(y)  <M_i>(z)  ||<M_i>||
-        0001          -0.06056  -0.01770   0.39842   0.40339


# Temperature              Cv             chi        BinderU4             Mst
    600.00000     8.83637E+03     6.72103E-02     0.66265E+00     4.06112E-01
================================================================================

================================================================================

-
- Proc.   0 individual time (sec): cpu=         30.0  wall=         30.0

================================================================================

+Total cpu time     29.968  and wall time     30.020 sec

 multibinit : the run completed succesfully.
